Microchip MPLAB XC8 Compiler V1.41 ()

Linker command line:

-W-3 --edf=C:\Program Files (x86)\Microchip\xc8\v1.41\dat\en_msgs.txt -cs \
  -h+dist/default/production\dev.X.production.sym \
  --cmf=dist/default/production\dev.X.production.cmf -z -Q18F4550 \
  -oC:\Users\kuate\AppData\Local\Temp\sals.2 \
  -Mdist/default/production/dev.X.production.map -E1 -ver=XC8 \
  -ASTACK=0150h-07ffh -pstack=STACK -ACODE=00h-07FFFh -ACONST=00h-07FFFh \
  -ASMALLCONST=0800h-08FFhx120 -AMEDIUMCONST=0800h-07FFFh -ACOMRAM=01h-05Fh \
  -AABS1=00h-07FFh -ABIGRAM=01h-07FFh -ARAM=060h-0FFh,0100h-01FFhx7 \
  -ABANK0=060h-0FFh -ABANK1=0100h-01FFh -ABANK2=0200h-02FFh \
  -ABANK3=0300h-03FFh -ABANK4=0400h-04FFh -ABANK5=0500h-05FFh \
  -ABANK6=0600h-06FFh -ABANK7=0700h-07FFh -ASFR=0F60h-0FFFh \
  -preset_vec=00h,intcode,intcodelo,powerup,init -pramtop=0800h \
  -psmallconst=SMALLCONST -pmediumconst=MEDIUMCONST -pconst=CONST \
  -AFARRAM=00h-00h -ACONFIG=0300000h-030000Dh -pconfig=CONFIG \
  -AIDLOC=0200000h-0200007h -pidloc=IDLOC -AEEDATA=0F00000h-0F000FFh \
  -peeprom_data=EEDATA \
  -prdata=COMRAM,nvrram=COMRAM,nvbit=COMRAM,rbss=COMRAM,rbit=COMRAM \
  -pfarbss=FARRAM,fardata=FARRAM,nvFARRAM=FARRAM \
  -pintsave_regs=BIGRAM,bigbss=BIGRAM,bigdata=BIGRAM -pbss=RAM \
  -pidata=CODE,irdata=CODE,ibigdata=CODE,ifardata=CODE -prparam=COMRAM \
  C:\Users\kuate\AppData\Local\Temp\sals.obj \
  dist/default/production\dev.X.production.obj 

Object code version is 3.11

Machine type is 18F4550

Call graph: (short form)




                Name                               Link     Load   Length Selector   Space Scale
C:\Users\kuate\AppData\Local\Temp\sals.obj
                init                                  0        0        4        0       0
                idloc                            200000   200000        8   200000       0
                config                           300000   300000        E   300000       0
dist/default/production\dev.X.production.obj
                smallconst                          800      800       AE      400       0
                text22                             150E     150E        A      457       0
                text21                             14EC     14EC       12      457       0
                text20                             12D0     12D0       5E      457       0
                text19                             1490     1490       20      457       0
                text18                             132E     132E       5C      457       0
                text17                             1070     1070       9E      457       0
                text16                             14CE     14CE       1E      457       0
                text15                             140C     140C       32      457       0
                text14                              DE8      DE8       FC      457       0
                text13                              CB0      CB0      138      457       0
                text12                             1190     1190       7A      457       0
                text11                             138A     138A       46      457       0
                text10                             1270     1270       60      457       0
                text9                              146A     146A       26      457       0
                text8                              14B0     14B0       1E      457       0
                text7                               EE4      EE4       CE      457       0
                text6                               FB2      FB2       BE      457       0
                text5                              14FE     14FE       10      457       0
                text4                              110E     110E       82      457       0
                text3                              120A     120A       66      457       0
                text2                               B0C      B0C      1A4      457       0
                text1                               8AE      8AE      25E      457       0
                text0                              13D0     13D0       3C      457       0
                cstackCOMRAM                          1        1       40        1       1
                cstackBANK0                          60       60       70       60       1
                bssBANK1                            100      100       50      100       1
                dataCOMRAM                           43       43        1        1       1
                bssCOMRAM                            41       41        2        1       1
                cinit                              143E     143E       2C      457       0
                idataCOMRAM                        1518     1518        1      457       0

TOTAL           Name                               Link     Load   Length     Space
        CLASS   STACK          

        CLASS   CODE           
                init                                  0        0        4         0
                text22                             150E     150E        A         0
                text21                             14EC     14EC       12         0
                text20                             12D0     12D0       5E         0
                text19                             1490     1490       20         0
                text18                             132E     132E       5C         0
                text17                             1070     1070       9E         0
                text16                             14CE     14CE       1E         0
                text15                             140C     140C       32         0
                text14                              DE8      DE8       FC         0
                text13                              CB0      CB0      138         0
                text12                             1190     1190       7A         0
                text11                             138A     138A       46         0
                text10                             1270     1270       60         0
                text9                              146A     146A       26         0
                text8                              14B0     14B0       1E         0
                text7                               EE4      EE4       CE         0
                text6                               FB2      FB2       BE         0
                text5                              14FE     14FE       10         0
                text4                              110E     110E       82         0
                text3                              120A     120A       66         0
                text2                               B0C      B0C      1A4         0
                text1                               8AE      8AE      25E         0
                text0                              13D0     13D0       3C         0
                cinit                              143E     143E       2C         0
                idataCOMRAM                        1518     1518        1         0

        CLASS   CONST          

        CLASS   SMALLCONST     
                smallconst                          800      800       AE         0

        CLASS   MEDIUMCONST    

        CLASS   COMRAM         
                cstackCOMRAM                          1        1       40         1
                dataCOMRAM                           43       43        1         1
                bssCOMRAM                            41       41        2         1

        CLASS   ABS1           

        CLASS   BIGRAM         

        CLASS   RAM            

        CLASS   BANK0          
                cstackBANK0                          60       60       70         1

        CLASS   BANK1          
                bssBANK1                            100      100       50         1

        CLASS   BANK2          

        CLASS   BANK3          

        CLASS   BANK4          

        CLASS   BANK5          

        CLASS   BANK6          

        CLASS   BANK7          

        CLASS   SFR            

        CLASS   FARRAM         

        CLASS   CONFIG         
                config                           300000   300000        E         0

        CLASS   IDLOC          
                idloc                            200000   200000        8         0

        CLASS   EEDATA         



SEGMENTS        Name                           Load    Length   Top    Selector   Space  Class

                reset_vec                      000000  000004  000004         0       0  CODE    
                cstackCOMRAM                   000001  000043  000044         1       1  COMRAM  
                cstackBANK0                    000060  000070  0000D0        60       1  BANK0   
                bssBANK1                       000100  000050  000150       100       1  BANK1   
                smallconst                     000800  0000AE  0008AE       400       0  SMALLCON
                text1                          0008AE  000C6B  001519       457       0  CODE    
                idloc                          200000  000008  200008    200000       0  IDLOC   
                config                         300000  00000E  30000E    300000       0  CONFIG  


UNUSED ADDRESS RANGES

        Name                Unused          Largest block    Delta
        BANK0            0000D0-0000FF               30
        BANK1            000150-0001FF               B0
        BANK2            000200-0002FF              100
        BANK3            000300-0003FF              100
        BANK4            000400-0004FF              100
        BANK5            000500-0005FF              100
        BANK6            000600-0006FF              100
        BANK7            000700-0007FF              100
        BIGRAM           000044-00005F               1C
                         0000D0-0000FF               30
                         000150-0007FF              6B0
        CODE             000004-0007FF              7FC
                         001519-007FFF             6AE7
        COMRAM           000044-00005F               1C
        CONST            000004-0007FF              7FC
                         001519-007FFF             6AE7
        EEDATA           F00000-F000FF              100
        MEDIUMCONST      001519-007FFF             6AE7
        RAM              0000D0-0000FF               30
                         000150-0007FF              100
        SFR              000F60-000FFF               A0
        SMALLCONST       001519-007FFF              100
        STACK            000150-0007FF              6B0

                                  Symbol Table

?_KP_scan                   cstackCOMRAM 000001
?___lldiv                   cstackCOMRAM 000001
?___llmod                   cstackCOMRAM 00000E
?___wmul                    cstackCOMRAM 000001
?_atoi                      cstackCOMRAM 000007
?_keyNumber                 cstackCOMRAM 00000F
?_sprintf                   cstackCOMRAM 000017
I2C_PCF8574_Write@S         cstackCOMRAM 000005
I2C_PCF8574_Write@addr      cstackCOMRAM 000006
I2C_PCF8574_Write@dummy     cstackCOMRAM 000004
I2C_PCF8574_Write@value     cstackCOMRAM 000003
KP_Readbutton@key           cstackCOMRAM 000009
KP_scan@press               cstackCOMRAM 000005
KP_scan@row                 cstackCOMRAM 000007
LCD_goto@addr               cstackCOMRAM 00000E
LCD_goto@column             cstackCOMRAM 00000D
LCD_goto@row                cstackCOMRAM 00000C
LCD_init@addr               cstackCOMRAM 00000D
LCD_putch@addr              cstackCOMRAM 000008
LCD_putch@data              cstackCOMRAM 000007
LCD_putch@lcddata           cstackCOMRAM 000009
LCD_putcmd@addr             cstackCOMRAM 00000A
LCD_putcmd@cmdtype          cstackCOMRAM 000008
LCD_putcmd@data             cstackCOMRAM 000007
LCD_putcmd@lcddata          cstackCOMRAM 00000B
LCD_puts@addr               cstackCOMRAM 00000E
LCD_puts@i                  cstackCOMRAM 00000C
LCD_puts@s                  cstackCOMRAM 00000A
OpenI2C@slew                cstackCOMRAM 000001
OpenI2C@sync_mode           cstackCOMRAM 000002
WriteI2C@data_out           cstackCOMRAM 000002
_I2C_PCF8574_Write          text19       001490
_IdleI2C                    text21       0014EC
_KP_Readbutton              text13       000CB0
_KP_init                    text22       00150E
_KP_scan                    text14       000DE8
_LATD                       (abs)        000F8C
_LCD_01_ADDRESS             dataCOMRAM   000043
_LCD_goto                   text12       001190
_LCD_init                   text17       001070
_LCD_putch                  text11       00138A
_LCD_putcmd                 text18       00132E
_LCD_puts                   text10       001270
_OpenI2C                    text16       0014CE
_PIR1bits                   (abs)        000F9E
_PORTDbits                  (abs)        000F83
_SSPBUF                     (abs)        000FC9
_SSPCON1                    (abs)        000FC6
_SSPCON1bits                (abs)        000FC6
_SSPCON2                    (abs)        000FC5
_SSPCON2bits                (abs)        000FC5
_SSPSTAT                    (abs)        000FC7
_SSPSTATbits                (abs)        000FC7
_TRISBbits                  (abs)        000F93
_TRISD                      (abs)        000F95
_WriteI2C                   text20       0012D0
__HRAM                      (abs)        000000
__Habs1                     abs1         000000
__Hbank0                    bank0        000000
__Hbank1                    bank1        000000
__Hbank2                    bank2        000000
__Hbank3                    bank3        000000
__Hbank4                    bank4        000000
__Hbank5                    bank5        000000
__Hbank6                    bank6        000000
__Hbank7                    bank7        000000
__Hbigbss                   bigbss       000000
__Hbigdata                  bigdata      000000
__Hbigram                   bigram       000000
__Hbss                      bss          000000
__HbssBANK1                 bssBANK1     000000
__HbssCOMRAM                bssCOMRAM    000000
__Hcinit                    cinit        000000
__Hclrtext                  clrtext      000000
__Hcomram                   comram       000000
__Hconfig                   config       30000E
__Hconst                    const        000000
__HcstackBANK0              cstackBANK0  000000
__HcstackCOMRAM             cstackCOMRAM 000000
__Hdata                     data         000000
__HdataCOMRAM               dataCOMRAM   000000
__Heeprom_data              eeprom_data  000000
__Hfarbss                   farbss       000000
__Hfardata                  fardata      000000
__Hibigdata                 ibigdata     000000
__Hidata                    idata        000000
__HidataCOMRAM              idataCOMRAM  000000
__Hidloc                    idloc        200008
__Hifardata                 ifardata     000000
__Hinit                     init         000004
__Hintcode                  intcode      000000
__Hintcode_body             intcode_body 000000
__Hintcodelo                intcodelo    000000
__Hintentry                 intentry     000000
__Hintret                   intret       000000
__Hintsave_regs             intsave_regs 000000
__Hirdata                   irdata       000000
__Hmediumconst              mediumconst  000000
__HnvFARRAM                 nvFARRAM     000000
__Hnvbit                    nvbit        000000
__Hnvrram                   nvrram       000000
__Hparam                    rparam       000000
__Hpowerup                  powerup      000000
__Hram                      ram          000000
__Hramtop                   ramtop       000800
__Hrbit                     rbit         000000
__Hrbss                     rbss         000000
__Hrdata                    rdata        000000
__Hreset_vec                reset_vec    000000
__Hrparam                   rparam       000000
__Hsfr                      sfr          000000
__Hsmallconst               smallconst   0008AE
__Hspace_0                  (abs)        30000E
__Hspace_1                  (abs)        000150
__Hspace_2                  (abs)        000000
__Hstack                    stack        000000
__Hstruct                   struct       000000
__Htemp                     temp         000000
__Htext                     text         000000
__Htext0                    text0        000000
__Htext1                    text1        000000
__Htext10                   text10       000000
__Htext11                   text11       000000
__Htext12                   text12       000000
__Htext13                   text13       000000
__Htext14                   text14       000000
__Htext15                   text15       000000
__Htext16                   text16       000000
__Htext17                   text17       000000
__Htext18                   text18       000000
__Htext19                   text19       000000
__Htext2                    text2        000000
__Htext20                   text20       000000
__Htext21                   text21       000000
__Htext22                   text22       000000
__Htext3                    text3        000000
__Htext4                    text4        000000
__Htext5                    text5        000000
__Htext6                    text6        000000
__Htext7                    text7        000000
__Htext8                    text8        000000
__Htext9                    text9        000000
__LRAM                      (abs)        000001
__Labs1                     abs1         000000
__Lbank0                    bank0        000000
__Lbank1                    bank1        000000
__Lbank2                    bank2        000000
__Lbank3                    bank3        000000
__Lbank4                    bank4        000000
__Lbank5                    bank5        000000
__Lbank6                    bank6        000000
__Lbank7                    bank7        000000
__Lbigbss                   bigbss       000000
__Lbigdata                  bigdata      000000
__Lbigram                   bigram       000000
__Lbss                      bss          000000
__LbssBANK1                 bssBANK1     000000
__LbssCOMRAM                bssCOMRAM    000000
__Lcinit                    cinit        000000
__Lclrtext                  clrtext      000000
__Lcomram                   comram       000000
__Lconfig                   config       300000
__Lconst                    const        000000
__LcstackBANK0              cstackBANK0  000000
__LcstackCOMRAM             cstackCOMRAM 000000
__Ldata                     data         000000
__LdataCOMRAM               dataCOMRAM   000000
__Leeprom_data              eeprom_data  000000
__Lfarbss                   farbss       000000
__Lfardata                  fardata      000000
__Libigdata                 ibigdata     000000
__Lidata                    idata        000000
__LidataCOMRAM              idataCOMRAM  000000
__Lidloc                    idloc        200000
__Lifardata                 ifardata     000000
__Linit                     init         000000
__Lintcode                  intcode      000000
__Lintcode_body             intcode_body 000000
__Lintcodelo                intcodelo    000000
__Lintentry                 intentry     000000
__Lintret                   intret       000000
__Lintsave_regs             intsave_regs 000000
__Lirdata                   irdata       000000
__Lmediumconst              mediumconst  000000
__LnvFARRAM                 nvFARRAM     000000
__Lnvbit                    nvbit        000000
__Lnvrram                   nvrram       000000
__Lparam                    rparam       000000
__Lpowerup                  powerup      000000
__Lram                      ram          000000
__Lramtop                   ramtop       000800
__Lrbit                     rbit         000000
__Lrbss                     rbss         000000
__Lrdata                    rdata        000000
__Lreset_vec                reset_vec    000000
__Lrparam                   rparam       000000
__Lsfr                      sfr          000000
__Lsmallconst               smallconst   000800
__Lspace_0                  (abs)        000000
__Lspace_1                  (abs)        000000
__Lspace_2                  (abs)        000000
__Lstack                    stack        000000
__Lstruct                   struct       000000
__Ltemp                     temp         000000
__Ltext                     text         000000
__Ltext0                    text0        000000
__Ltext1                    text1        000000
__Ltext10                   text10       000000
__Ltext11                   text11       000000
__Ltext12                   text12       000000
__Ltext13                   text13       000000
__Ltext14                   text14       000000
__Ltext15                   text15       000000
__Ltext16                   text16       000000
__Ltext17                   text17       000000
__Ltext18                   text18       000000
__Ltext19                   text19       000000
__Ltext2                    text2        000000
__Ltext20                   text20       000000
__Ltext21                   text21       000000
__Ltext22                   text22       000000
__Ltext3                    text3        000000
__Ltext4                    text4        000000
__Ltext5                    text5        000000
__Ltext6                    text6        000000
__Ltext7                    text7        000000
__Ltext8                    text8        000000
__Ltext9                    text9        000000
__S0                        (abs)        30000E
__S1                        (abs)        000150
__S2                        (abs)        000000
___inthi_sp                 stack        000000
___intlo_sp                 stack        000000
___lldiv                    text4        00110E
___lldiv@counter            cstackCOMRAM 00000D
___lldiv@dividend           cstackCOMRAM 000001
___lldiv@divisor            cstackCOMRAM 000005
___lldiv@quotient           cstackCOMRAM 000009
___llmod                    text3        00120A
___llmod@counter            cstackCOMRAM 000016
___llmod@dividend           cstackCOMRAM 00000E
___llmod@divisor            cstackCOMRAM 000012
___param_bank               (abs)        000000
___rparam_used              (abs)        000001
___sp                       stack        000000
___wmul                     text9        00146A
___wmul@multiplicand        cstackCOMRAM 000003
___wmul@multiplier          cstackCOMRAM 000001
___wmul@product             cstackCOMRAM 000005
__accesstop                 (abs)        000060
__activetblptr              (abs)        000002
__end_of_I2C_PCF8574_Write  text19       0014B0
__end_of_IdleI2C            text21       0014FE
__end_of_KP_Readbutton      text13       000DE8
__end_of_KP_init            text22       001518
__end_of_KP_scan            text14       000EE4
__end_of_LCD_goto           text12       00120A
__end_of_LCD_init           text17       00110E
__end_of_LCD_putch          text11       0013D0
__end_of_LCD_putcmd         text18       00138A
__end_of_LCD_puts           text10       0012D0
__end_of_OpenI2C            text16       0014EC
__end_of_WriteI2C           text20       00132E
__end_of___lldiv            text4        001190
__end_of___llmod            text3        001270
__end_of___wmul             text9        001490
__end_of__initialization    cinit        001460
__end_of_atoi               text7        000FB2
__end_of_dpowers            smallconst   000829
__end_of_isdigit            text8        0014CE
__end_of_keyNumber          text6        001070
__end_of_lcdClear           text5        00150E
__end_of_longDelay          text15       00143E
__end_of_main               text0        00140C
__end_of_riksFactors        text1        000B0C
__end_of_sprintf            text2        000CB0
__initialization            cinit        00143E
__mediumconst               mediumconst  000000
__pbssBANK1                 bssBANK1     000100
__pbssCOMRAM                bssCOMRAM    000041
__pcinit                    cinit        00143E
__pcstackBANK0              cstackBANK0  000060
__pcstackCOMRAM             cstackCOMRAM 000001
__pdataCOMRAM               dataCOMRAM   000043
__pidataCOMRAM              idataCOMRAM  001518
__psmallconst               smallconst   000800
__ptext0                    text0        0013D0
__ptext1                    text1        0008AE
__ptext10                   text10       001270
__ptext11                   text11       00138A
__ptext12                   text12       001190
__ptext13                   text13       000CB0
__ptext14                   text14       000DE8
__ptext15                   text15       00140C
__ptext16                   text16       0014CE
__ptext17                   text17       001070
__ptext18                   text18       00132E
__ptext19                   text19       001490
__ptext2                    text2        000B0C
__ptext20                   text20       0012D0
__ptext21                   text21       0014EC
__ptext22                   text22       00150E
__ptext3                    text3        00120A
__ptext4                    text4        00110E
__ptext5                    text5        0014FE
__ptext6                    text6        000FB2
__ptext7                    text7        000EE4
__ptext8                    text8        0014B0
__ptext9                    text9        00146A
__ramtop                    ramtop       000800
__size_of_I2C_PCF8574_Write (abs)        000000
__size_of_IdleI2C           (abs)        000000
__size_of_KP_Readbutton     (abs)        000000
__size_of_KP_init           (abs)        000000
__size_of_KP_scan           (abs)        000000
__size_of_LCD_goto          (abs)        000000
__size_of_LCD_init          (abs)        000000
__size_of_LCD_putch         (abs)        000000
__size_of_LCD_putcmd        (abs)        000000
__size_of_LCD_puts          (abs)        000000
__size_of_OpenI2C           (abs)        000000
__size_of_WriteI2C          (abs)        000000
__size_of___lldiv           (abs)        000000
__size_of___llmod           (abs)        000000
__size_of___wmul            (abs)        000000
__size_of_atoi              (abs)        000000
__size_of_isdigit           (abs)        000000
__size_of_keyNumber         (abs)        000000
__size_of_lcdClear          (abs)        000000
__size_of_longDelay         (abs)        000000
__size_of_main              (abs)        000000
__size_of_riksFactors       (abs)        000000
__size_of_sprintf           (abs)        000000
__smallconst                smallconst   000800
_atoi                       text7        000EE4
_dpowers                    smallconst   000801
_isdigit                    text8        0014B0
_isdigit$832                cstackCOMRAM 000002
_keyNumber                  text6        000FB2
_keynum                     bssCOMRAM    000041
_lcdClear                   text5        0014FE
_longDelay                  text15       00140C
_main                       text0        0013D0
_riksFactors                text1        0008AE
_sprintf                    text2        000B0C
_text                       bssBANK1     000100
atoi@a                      cstackCOMRAM 00000C
atoi@s                      cstackCOMRAM 000007
atoi@sign                   cstackCOMRAM 00000B
end_of_initialization       cinit        001460
intlevel0                   text         000000
intlevel1                   text         000000
intlevel2                   text         000000
intlevel3                   text         000000
isdigit@c                   cstackCOMRAM 000003
keyNumber@arreglo           cstackCOMRAM 000013
keyNumber@contador          cstackCOMRAM 00002B
keyNumber@i                 cstackCOMRAM 00002E
keyNumber@number            cstackCOMRAM 000027
keyNumber@tecla             cstackCOMRAM 00002D
longDelay@i                 cstackCOMRAM 000004
longDelay@time              cstackCOMRAM 000001
main@counter                cstackCOMRAM 00003F
riksFactors@diastolic       cstackBANK0  0000B4
riksFactors@edad            cstackBANK0  0000B8
riksFactors@estatura        cstackBANK0  0000BC
riksFactors@gender          cstackBANK0  0000C4
riksFactors@parents         cstackBANK0  0000CC
riksFactors@peso            cstackBANK0  0000C0
riksFactors@smoke           cstackBANK0  0000C8
riksFactors@systolic        cstackBANK0  0000B0
riksFactors@text            cstackBANK0  000060
sprintf@ap                  cstackCOMRAM 00003C
sprintf@c                   cstackCOMRAM 00003E
sprintf@f                   cstackCOMRAM 000019
sprintf@flag                cstackCOMRAM 000035
sprintf@prec                cstackCOMRAM 000036
sprintf@sp                  cstackCOMRAM 000017
sprintf@val                 cstackCOMRAM 000038
stackhi                     (abs)        0007FF
stacklo                     (abs)        000150
start                       init         000000
start_initialization        cinit        00143E


FUNCTION INFORMATION:

 *************** function _main *****************
 Defined at:
		line 21 in file "main.c"
 Parameters:    Size  Location     Type
		None
 Auto vars:     Size  Location     Type
  counter         2   62[COMRAM] unsigned int 
 Return value:  Size  Location     Type
                  1    wreg      void 
 Registers used:
		wreg, fsr0l, fsr0h, fsr2l, fsr2h, status,2, status,0, tblptrl, tblptrh, tblptru, prodl, prodh, cstack
 Tracked objects:
		On entry : 
		On exit  : 
		Unchanged: 
 Data sizes:     COMRAM   BANK0   BANK1   BANK2   BANK3   BANK4   BANK5   BANK6   BANK7
      Params:         0       0       0       0       0       0       0       0       0
      Locals:         2       0       0       0       0       0       0       0       0
      Temps:          0       0       0       0       0       0       0       0       0
      Totals:         2       0       0       0       0       0       0       0       0
Total ram usage:        2 bytes
 Hardware stack levels required when called:    7
 This function calls:
		_KP_init
		_LCD_init
		_LCD_putcmd
		_OpenI2C
		_longDelay
		_riksFactors
 This function is called by:
		Startup code after reset
 This function uses a non-reentrant model


 *************** function _riksFactors *****************
 Defined at:
		line 39 in file "funciones.c"
 Parameters:    Size  Location     Type
		None
 Auto vars:     Size  Location     Type
  text           80    0[BANK0 ] unsigned char [80]
  parents         4  108[BANK0 ] unsigned long 
  smoke           4  104[BANK0 ] unsigned long 
  gender          4  100[BANK0 ] unsigned long 
  peso            4   96[BANK0 ] unsigned long 
  estatura        4   92[BANK0 ] unsigned long 
  edad            4   88[BANK0 ] unsigned long 
  diastolic       4   84[BANK0 ] unsigned long 
  systolic        4   80[BANK0 ] unsigned long 
 Return value:  Size  Location     Type
                  1    wreg      void 
 Registers used:
		wreg, fsr0l, fsr0h, fsr2l, fsr2h, status,2, status,0, tblptrl, tblptrh, tblptru, prodl, prodh, cstack
 Tracked objects:
		On entry : 
		On exit  : 
		Unchanged: 
 Data sizes:     COMRAM   BANK0   BANK1   BANK2   BANK3   BANK4   BANK5   BANK6   BANK7
      Params:         0       0       0       0       0       0       0       0       0
      Locals:         0     112       0       0       0       0       0       0       0
      Temps:          0       0       0       0       0       0       0       0       0
      Totals:         0     112       0       0       0       0       0       0       0
Total ram usage:      112 bytes
 Hardware stack levels used:    1
 Hardware stack levels required when called:    6
 This function calls:
		_LCD_goto
		_LCD_puts
		_keyNumber
		_lcdClear
		_sprintf
 This function is called by:
		_main
 This function uses a non-reentrant model


 *************** function _sprintf *****************
 Defined at:
		line 492 in file "C:\Program Files (x86)\Microchip\xc8\v1.41\sources\common\doprnt.c"
 Parameters:    Size  Location     Type
  sp              2   22[COMRAM] PTR unsigned char 
		 -> riksFactors@text(80), 
  f               2   24[COMRAM] PTR const unsigned char 
		 -> STR_7(24), 
 Auto vars:     Size  Location     Type
  val             4   55[COMRAM] unsigned long 
  tmpval          4    0        struct .
  cp              3    0        PTR const unsigned char 
  ap              2   59[COMRAM] PTR void [1]
		 -> ?_sprintf(2), 
  prec            2   53[COMRAM] int 
  len             2    0        unsigned int 
  c               1   61[COMRAM] char 
  flag            1   52[COMRAM] unsigned char 
 Return value:  Size  Location     Type
                  2   22[COMRAM] int 
 Registers used:
		wreg, fsr2l, fsr2h, status,2, status,0, tblptrl, tblptrh, tblptru, prodl, prodh, cstack
 Tracked objects:
		On entry : 
		On exit  : 
		Unchanged: 
 Data sizes:     COMRAM   BANK0   BANK1   BANK2   BANK3   BANK4   BANK5   BANK6   BANK7
      Params:        28       0       0       0       0       0       0       0       0
      Locals:        10       0       0       0       0       0       0       0       0
      Temps:          2       0       0       0       0       0       0       0       0
      Totals:        40       0       0       0       0       0       0       0       0
Total ram usage:       40 bytes
 Hardware stack levels used:    1
 Hardware stack levels required when called:    1
 This function calls:
		___lldiv
		___llmod
 This function is called by:
		_riksFactors
 This function uses a non-reentrant model


 *************** function ___llmod *****************
 Defined at:
		line 8 in file "C:\Program Files (x86)\Microchip\xc8\v1.41\sources\common\llmod.c"
 Parameters:    Size  Location     Type
  dividend        4   13[COMRAM] unsigned long 
  divisor         4   17[COMRAM] unsigned long 
 Auto vars:     Size  Location     Type
  counter         1   21[COMRAM] unsigned char 
 Return value:  Size  Location     Type
                  4   13[COMRAM] unsigned long 
 Registers used:
		wreg, status,2, status,0
 Tracked objects:
		On entry : 
		On exit  : 
		Unchanged: 
 Data sizes:     COMRAM   BANK0   BANK1   BANK2   BANK3   BANK4   BANK5   BANK6   BANK7
      Params:         8       0       0       0       0       0       0       0       0
      Locals:         1       0       0       0       0       0       0       0       0
      Temps:          0       0       0       0       0       0       0       0       0
      Totals:         9       0       0       0       0       0       0       0       0
Total ram usage:        9 bytes
 Hardware stack levels used:    1
 This function calls:
		Nothing
 This function is called by:
		_sprintf
 This function uses a non-reentrant model


 *************** function ___lldiv *****************
 Defined at:
		line 8 in file "C:\Program Files (x86)\Microchip\xc8\v1.41\sources\common\lldiv.c"
 Parameters:    Size  Location     Type
  dividend        4    0[COMRAM] unsigned long 
  divisor         4    4[COMRAM] unsigned long 
 Auto vars:     Size  Location     Type
  quotient        4    8[COMRAM] unsigned long 
  counter         1   12[COMRAM] unsigned char 
 Return value:  Size  Location     Type
                  4    0[COMRAM] unsigned long 
 Registers used:
		wreg, status,2, status,0
 Tracked objects:
		On entry : 
		On exit  : 
		Unchanged: 
 Data sizes:     COMRAM   BANK0   BANK1   BANK2   BANK3   BANK4   BANK5   BANK6   BANK7
      Params:         8       0       0       0       0       0       0       0       0
      Locals:         5       0       0       0       0       0       0       0       0
      Temps:          0       0       0       0       0       0       0       0       0
      Totals:        13       0       0       0       0       0       0       0       0
Total ram usage:       13 bytes
 Hardware stack levels used:    1
 This function calls:
		Nothing
 This function is called by:
		_sprintf
 This function uses a non-reentrant model


 *************** function _lcdClear *****************
 Defined at:
		line 80 in file "funciones.c"
 Parameters:    Size  Location     Type
		None
 Auto vars:     Size  Location     Type
		None
 Return value:  Size  Location     Type
                  1    wreg      void 
 Registers used:
		wreg, status,2, status,0, cstack
 Tracked objects:
		On entry : 
		On exit  : 
		Unchanged: 
 Data sizes:     COMRAM   BANK0   BANK1   BANK2   BANK3   BANK4   BANK5   BANK6   BANK7
      Params:         0       0       0       0       0       0       0       0       0
      Locals:         0       0       0       0       0       0       0       0       0
      Temps:          0       0       0       0       0       0       0       0       0
      Totals:         0       0       0       0       0       0       0       0       0
Total ram usage:        0 bytes
 Hardware stack levels used:    1
 Hardware stack levels required when called:    4
 This function calls:
		_LCD_putcmd
 This function is called by:
		_riksFactors
 This function uses a non-reentrant model


 *************** function _keyNumber *****************
 Defined at:
		line 6 in file "funciones.c"
 Parameters:    Size  Location     Type
		None
 Auto vars:     Size  Location     Type
  arreglo        20   18[COMRAM] unsigned char [20]
  number          4   38[COMRAM] unsigned long 
  i               2   45[COMRAM] unsigned int 
  contador        2   42[COMRAM] unsigned int 
  tecla           1   44[COMRAM] unsigned char 
 Return value:  Size  Location     Type
                  4   14[COMRAM] unsigned long 
 Registers used:
		wreg, fsr0l, fsr0h, fsr2l, fsr2h, status,2, status,0, tblptrl, tblptrh, tblptru, prodl, prodh, cstack
 Tracked objects:
		On entry : 
		On exit  : 
		Unchanged: 
 Data sizes:     COMRAM   BANK0   BANK1   BANK2   BANK3   BANK4   BANK5   BANK6   BANK7
      Params:         4       0       0       0       0       0       0       0       0
      Locals:        29       0       0       0       0       0       0       0       0
      Temps:          0       0       0       0       0       0       0       0       0
      Totals:        33       0       0       0       0       0       0       0       0
Total ram usage:       33 bytes
 Hardware stack levels used:    1
 Hardware stack levels required when called:    5
 This function calls:
		_KP_Readbutton
		_LCD_goto
		_LCD_puts
		_atoi
 This function is called by:
		_riksFactors
 This function uses a non-reentrant model


 *************** function _atoi *****************
 Defined at:
		line 5 in file "C:\Program Files (x86)\Microchip\xc8\v1.41\sources\common\atoi.c"
 Parameters:    Size  Location     Type
  s               2    6[COMRAM] PTR const unsigned char 
		 -> keyNumber@arreglo(20), 
 Auto vars:     Size  Location     Type
  a               2   11[COMRAM] int 
  sign            1   10[COMRAM] unsigned char 
 Return value:  Size  Location     Type
                  2    6[COMRAM] int 
 Registers used:
		wreg, fsr2l, fsr2h, status,2, status,0, prodl, prodh, cstack
 Tracked objects:
		On entry : 
		On exit  : 
		Unchanged: 
 Data sizes:     COMRAM   BANK0   BANK1   BANK2   BANK3   BANK4   BANK5   BANK6   BANK7
      Params:         2       0       0       0       0       0       0       0       0
      Locals:         3       0       0       0       0       0       0       0       0
      Temps:          2       0       0       0       0       0       0       0       0
      Totals:         7       0       0       0       0       0       0       0       0
Total ram usage:        7 bytes
 Hardware stack levels used:    1
 Hardware stack levels required when called:    1
 This function calls:
		___wmul
		_isdigit
 This function is called by:
		_keyNumber
 This function uses a non-reentrant model


 *************** function _isdigit *****************
 Defined at:
		line 8 in file "C:\Program Files (x86)\Microchip\xc8\v1.41\sources\common\isdigit.c"
 Parameters:    Size  Location     Type
  c               1    wreg     unsigned char 
 Auto vars:     Size  Location     Type
  c               1    2[COMRAM] unsigned char 
 Return value:  Size  Location     Type
		None               void
 Registers used:
		wreg, status,2, status,0
 Tracked objects:
		On entry : 
		On exit  : 
		Unchanged: 
 Data sizes:     COMRAM   BANK0   BANK1   BANK2   BANK3   BANK4   BANK5   BANK6   BANK7
      Params:         0       0       0       0       0       0       0       0       0
      Locals:         2       0       0       0       0       0       0       0       0
      Temps:          1       0       0       0       0       0       0       0       0
      Totals:         3       0       0       0       0       0       0       0       0
Total ram usage:        3 bytes
 Hardware stack levels used:    1
 This function calls:
		Nothing
 This function is called by:
		_atoi
 This function uses a non-reentrant model


 *************** function ___wmul *****************
 Defined at:
		line 15 in file "C:\Program Files (x86)\Microchip\xc8\v1.41\sources\common\Umul16.c"
 Parameters:    Size  Location     Type
  multiplier      2    0[COMRAM] unsigned int 
  multiplicand    2    2[COMRAM] unsigned int 
 Auto vars:     Size  Location     Type
  product         2    4[COMRAM] unsigned int 
 Return value:  Size  Location     Type
                  2    0[COMRAM] unsigned int 
 Registers used:
		wreg, status,2, status,0, prodl, prodh
 Tracked objects:
		On entry : 
		On exit  : 
		Unchanged: 
 Data sizes:     COMRAM   BANK0   BANK1   BANK2   BANK3   BANK4   BANK5   BANK6   BANK7
      Params:         4       0       0       0       0       0       0       0       0
      Locals:         2       0       0       0       0       0       0       0       0
      Temps:          0       0       0       0       0       0       0       0       0
      Totals:         6       0       0       0       0       0       0       0       0
Total ram usage:        6 bytes
 Hardware stack levels used:    1
 This function calls:
		Nothing
 This function is called by:
		_atoi
 This function uses a non-reentrant model


 *************** function _LCD_puts *****************
 Defined at:
		line 93 in file "i2c_lcd.c"
 Parameters:    Size  Location     Type
  addr            1    wreg     unsigned char 
  s               2    9[COMRAM] PTR unsigned char 
		 -> riksFactors@text(80), STR_6(27), STR_5(16), STR_4(15), 
		 -> STR_3(20), STR_2(18), STR_1(12), keyNumber@arreglo(20), 
 Auto vars:     Size  Location     Type
  addr            1   13[COMRAM] unsigned char 
  i               2   11[COMRAM] int 
 Return value:  Size  Location     Type
                  1    wreg      void 
 Registers used:
		wreg, fsr0l, fsr0h, status,2, status,0, tblptrl, tblptrh, tblptru, cstack
 Tracked objects:
		On entry : 
		On exit  : 
		Unchanged: 
 Data sizes:     COMRAM   BANK0   BANK1   BANK2   BANK3   BANK4   BANK5   BANK6   BANK7
      Params:         2       0       0       0       0       0       0       0       0
      Locals:         3       0       0       0       0       0       0       0       0
      Temps:          0       0       0       0       0       0       0       0       0
      Totals:         5       0       0       0       0       0       0       0       0
Total ram usage:        5 bytes
 Hardware stack levels used:    1
 Hardware stack levels required when called:    4
 This function calls:
		_LCD_putch
 This function is called by:
		_keyNumber
		_riksFactors
 This function uses a non-reentrant model


 *************** function _LCD_putch *****************
 Defined at:
		line 50 in file "i2c_lcd.c"
 Parameters:    Size  Location     Type
  addr            1    wreg     unsigned char 
  data            1    6[COMRAM] unsigned char 
 Auto vars:     Size  Location     Type
  addr            1    7[COMRAM] unsigned char 
  lcddata         1    8[COMRAM] unsigned char 
 Return value:  Size  Location     Type
                  1    wreg      void 
 Registers used:
		wreg, status,2, status,0, cstack
 Tracked objects:
		On entry : 
		On exit  : 
		Unchanged: 
 Data sizes:     COMRAM   BANK0   BANK1   BANK2   BANK3   BANK4   BANK5   BANK6   BANK7
      Params:         1       0       0       0       0       0       0       0       0
      Locals:         2       0       0       0       0       0       0       0       0
      Temps:          0       0       0       0       0       0       0       0       0
      Totals:         3       0       0       0       0       0       0       0       0
Total ram usage:        3 bytes
 Hardware stack levels used:    1
 Hardware stack levels required when called:    3
 This function calls:
		_I2C_PCF8574_Write
 This function is called by:
		_LCD_puts
 This function uses a non-reentrant model


 *************** function _LCD_goto *****************
 Defined at:
		line 80 in file "i2c_lcd.c"
 Parameters:    Size  Location     Type
  addr            1    wreg     unsigned char 
  row             1   11[COMRAM] unsigned char 
  column          1   12[COMRAM] unsigned char 
 Auto vars:     Size  Location     Type
  addr            1   13[COMRAM] unsigned char 
 Return value:  Size  Location     Type
                  1    wreg      void 
 Registers used:
		wreg, status,2, status,0, cstack
 Tracked objects:
		On entry : 
		On exit  : 
		Unchanged: 
 Data sizes:     COMRAM   BANK0   BANK1   BANK2   BANK3   BANK4   BANK5   BANK6   BANK7
      Params:         2       0       0       0       0       0       0       0       0
      Locals:         1       0       0       0       0       0       0       0       0
      Temps:          0       0       0       0       0       0       0       0       0
      Totals:         3       0       0       0       0       0       0       0       0
Total ram usage:        3 bytes
 Hardware stack levels used:    1
 Hardware stack levels required when called:    4
 This function calls:
		_LCD_putcmd
 This function is called by:
		_keyNumber
		_riksFactors
 This function uses a non-reentrant model


 *************** function _KP_Readbutton *****************
 Defined at:
		line 30 in file "KeyPad Library.c"
 Parameters:    Size  Location     Type
		None
 Auto vars:     Size  Location     Type
  key             1    8[COMRAM] unsigned char 
 Return value:  Size  Location     Type
                  1    wreg      unsigned char 
 Registers used:
		wreg, status,2, status,0, cstack
 Tracked objects:
		On entry : 
		On exit  : 
		Unchanged: 
 Data sizes:     COMRAM   BANK0   BANK1   BANK2   BANK3   BANK4   BANK5   BANK6   BANK7
      Params:         0       0       0       0       0       0       0       0       0
      Locals:         1       0       0       0       0       0       0       0       0
      Temps:          0       0       0       0       0       0       0       0       0
      Totals:         1       0       0       0       0       0       0       0       0
Total ram usage:        1 bytes
 Hardware stack levels used:    1
 Hardware stack levels required when called:    1
 This function calls:
		_KP_scan
 This function is called by:
		_keyNumber
 This function uses a non-reentrant model


 *************** function _KP_scan *****************
 Defined at:
		line 12 in file "KeyPad Library.c"
 Parameters:    Size  Location     Type
		None
 Auto vars:     Size  Location     Type
  row             2    6[COMRAM] short 
  press           2    4[COMRAM] short 
 Return value:  Size  Location     Type
                  2    0[COMRAM] int 
 Registers used:
		wreg, status,2, status,0
 Tracked objects:
		On entry : 
		On exit  : 
		Unchanged: 
 Data sizes:     COMRAM   BANK0   BANK1   BANK2   BANK3   BANK4   BANK5   BANK6   BANK7
      Params:         2       0       0       0       0       0       0       0       0
      Locals:         4       0       0       0       0       0       0       0       0
      Temps:          2       0       0       0       0       0       0       0       0
      Totals:         8       0       0       0       0       0       0       0       0
Total ram usage:        8 bytes
 Hardware stack levels used:    1
 This function calls:
		Nothing
 This function is called by:
		_KP_Readbutton
 This function uses a non-reentrant model


 *************** function _longDelay *****************
 Defined at:
		line 16 in file "main.c"
 Parameters:    Size  Location     Type
  time            2    0[COMRAM] int 
 Auto vars:     Size  Location     Type
  i               2    3[COMRAM] int 
 Return value:  Size  Location     Type
                  1    wreg      void 
 Registers used:
		wreg, status,2, status,0
 Tracked objects:
		On entry : 
		On exit  : 
		Unchanged: 
 Data sizes:     COMRAM   BANK0   BANK1   BANK2   BANK3   BANK4   BANK5   BANK6   BANK7
      Params:         2       0       0       0       0       0       0       0       0
      Locals:         2       0       0       0       0       0       0       0       0
      Temps:          1       0       0       0       0       0       0       0       0
      Totals:         5       0       0       0       0       0       0       0       0
Total ram usage:        5 bytes
 Hardware stack levels used:    1
 This function calls:
		Nothing
 This function is called by:
		_main
 This function uses a non-reentrant model


 *************** function _OpenI2C *****************
 Defined at:
		line 14 in file "C:\Program Files (x86)\Microchip\xc8\v1.41\sources\pic18\plib\i2c\i2c_open.c"
 Parameters:    Size  Location     Type
  sync_mode       1    wreg     unsigned char 
  slew            1    0[COMRAM] unsigned char 
 Auto vars:     Size  Location     Type
  sync_mode       1    1[COMRAM] unsigned char 
 Return value:  Size  Location     Type
                  1    wreg      void 
 Registers used:
		wreg, status,2, status,0
 Tracked objects:
		On entry : 
		On exit  : 
		Unchanged: 
 Data sizes:     COMRAM   BANK0   BANK1   BANK2   BANK3   BANK4   BANK5   BANK6   BANK7
      Params:         1       0       0       0       0       0       0       0       0
      Locals:         1       0       0       0       0       0       0       0       0
      Temps:          0       0       0       0       0       0       0       0       0
      Totals:         2       0       0       0       0       0       0       0       0
Total ram usage:        2 bytes
 Hardware stack levels used:    1
 This function calls:
		Nothing
 This function is called by:
		_main
 This function uses a non-reentrant model


 *************** function _LCD_init *****************
 Defined at:
		line 63 in file "i2c_lcd.c"
 Parameters:    Size  Location     Type
  addr            1    wreg     unsigned char 
 Auto vars:     Size  Location     Type
  addr            1   12[COMRAM] unsigned char 
 Return value:  Size  Location     Type
                  1    wreg      void 
 Registers used:
		wreg, status,2, status,0, cstack
 Tracked objects:
		On entry : 
		On exit  : 
		Unchanged: 
 Data sizes:     COMRAM   BANK0   BANK1   BANK2   BANK3   BANK4   BANK5   BANK6   BANK7
      Params:         0       0       0       0       0       0       0       0       0
      Locals:         1       0       0       0       0       0       0       0       0
      Temps:          1       0       0       0       0       0       0       0       0
      Totals:         2       0       0       0       0       0       0       0       0
Total ram usage:        2 bytes
 Hardware stack levels used:    1
 Hardware stack levels required when called:    4
 This function calls:
		_LCD_putcmd
 This function is called by:
		_main
 This function uses a non-reentrant model


 *************** function _LCD_putcmd *****************
 Defined at:
		line 29 in file "i2c_lcd.c"
 Parameters:    Size  Location     Type
  addr            1    wreg     unsigned char 
  data            1    6[COMRAM] unsigned char 
  cmdtype         1    7[COMRAM] unsigned char 
 Auto vars:     Size  Location     Type
  addr            1    9[COMRAM] unsigned char 
  lcddata         1   10[COMRAM] unsigned char 
 Return value:  Size  Location     Type
                  1    wreg      void 
 Registers used:
		wreg, status,2, status,0, cstack
 Tracked objects:
		On entry : 
		On exit  : 
		Unchanged: 
 Data sizes:     COMRAM   BANK0   BANK1   BANK2   BANK3   BANK4   BANK5   BANK6   BANK7
      Params:         2       0       0       0       0       0       0       0       0
      Locals:         2       0       0       0       0       0       0       0       0
      Temps:          1       0       0       0       0       0       0       0       0
      Totals:         5       0       0       0       0       0       0       0       0
Total ram usage:        5 bytes
 Hardware stack levels used:    1
 Hardware stack levels required when called:    3
 This function calls:
		_I2C_PCF8574_Write
 This function is called by:
		_LCD_init
		_LCD_goto
		_main
		_lcdClear
 This function uses a non-reentrant model


 *************** function _I2C_PCF8574_Write *****************
 Defined at:
		line 12 in file "i2c_lcd.c"
 Parameters:    Size  Location     Type
  addr            1    wreg     unsigned char 
  value           1    2[COMRAM] unsigned char 
 Auto vars:     Size  Location     Type
  addr            1    5[COMRAM] unsigned char 
  S               1    4[COMRAM] unsigned char 
  dummy           1    3[COMRAM] unsigned char 
 Return value:  Size  Location     Type
                  1    wreg      unsigned char 
 Registers used:
		wreg, status,2, status,0, cstack
 Tracked objects:
		On entry : 
		On exit  : 
		Unchanged: 
 Data sizes:     COMRAM   BANK0   BANK1   BANK2   BANK3   BANK4   BANK5   BANK6   BANK7
      Params:         1       0       0       0       0       0       0       0       0
      Locals:         3       0       0       0       0       0       0       0       0
      Temps:          0       0       0       0       0       0       0       0       0
      Totals:         4       0       0       0       0       0       0       0       0
Total ram usage:        4 bytes
 Hardware stack levels used:    1
 Hardware stack levels required when called:    2
 This function calls:
		_WriteI2C
 This function is called by:
		_LCD_putcmd
		_LCD_putch
 This function uses a non-reentrant model


 *************** function _WriteI2C *****************
 Defined at:
		line 12 in file "C:\Program Files (x86)\Microchip\xc8\v1.41\sources\pic18\plib\i2c\i2c_writ.c"
 Parameters:    Size  Location     Type
  data_out        1    wreg     unsigned char 
 Auto vars:     Size  Location     Type
  data_out        1    1[COMRAM] unsigned char 
 Return value:  Size  Location     Type
                  1    wreg      char 
 Registers used:
		wreg, status,2, status,0, cstack
 Tracked objects:
		On entry : 
		On exit  : 
		Unchanged: 
 Data sizes:     COMRAM   BANK0   BANK1   BANK2   BANK3   BANK4   BANK5   BANK6   BANK7
      Params:         0       0       0       0       0       0       0       0       0
      Locals:         1       0       0       0       0       0       0       0       0
      Temps:          0       0       0       0       0       0       0       0       0
      Totals:         1       0       0       0       0       0       0       0       0
Total ram usage:        1 bytes
 Hardware stack levels used:    1
 Hardware stack levels required when called:    1
 This function calls:
		_IdleI2C
 This function is called by:
		_I2C_PCF8574_Write
 This function uses a non-reentrant model


 *************** function _IdleI2C *****************
 Defined at:
		line 24 in file "C:\Program Files (x86)\Microchip\xc8\v1.41\sources\pic18\plib\i2c\i2c_idle.c"
 Parameters:    Size  Location     Type
		None
 Auto vars:     Size  Location     Type
		None
 Return value:  Size  Location     Type
                  1    wreg      void 
 Registers used:
		wreg, status,2, status,0
 Tracked objects:
		On entry : 
		On exit  : 
		Unchanged: 
 Data sizes:     COMRAM   BANK0   BANK1   BANK2   BANK3   BANK4   BANK5   BANK6   BANK7
      Params:         0       0       0       0       0       0       0       0       0
      Locals:         0       0       0       0       0       0       0       0       0
      Temps:          1       0       0       0       0       0       0       0       0
      Totals:         1       0       0       0       0       0       0       0       0
Total ram usage:        1 bytes
 Hardware stack levels used:    1
 This function calls:
		Nothing
 This function is called by:
		_WriteI2C
 This function uses a non-reentrant model


 *************** function _KP_init *****************
 Defined at:
		line 6 in file "KeyPad Library.c"
 Parameters:    Size  Location     Type
		None
 Auto vars:     Size  Location     Type
		None
 Return value:  Size  Location     Type
                  1    wreg      void 
 Registers used:
		wreg, status,2
 Tracked objects:
		On entry : 
		On exit  : 
		Unchanged: 
 Data sizes:     COMRAM   BANK0   BANK1   BANK2   BANK3   BANK4   BANK5   BANK6   BANK7
      Params:         0       0       0       0       0       0       0       0       0
      Locals:         0       0       0       0       0       0       0       0       0
      Temps:          0       0       0       0       0       0       0       0       0
      Totals:         0       0       0       0       0       0       0       0       0
Total ram usage:        0 bytes
 Hardware stack levels used:    1
 This function calls:
		Nothing
 This function is called by:
		_main
 This function uses a non-reentrant model



MODULE INFORMATION

Module		Function		Class		Link	Load	Size
C:\Program Files (x86)\Microchip\xc8\v1.41\sources\common\lldiv.c
		___lldiv       		CODE           	110E	0000	131

C:\Program Files (x86)\Microchip\xc8\v1.41\sources\common\lldiv.c estimated size: 131

C:\Program Files (x86)\Microchip\xc8\v1.41\sources\common\doprnt.c
		_sprintf       		CODE           	0B0C	0000	421

C:\Program Files (x86)\Microchip\xc8\v1.41\sources\common\doprnt.c estimated size: 421

C:\Program Files (x86)\Microchip\xc8\v1.41\sources\common\Umul16.c
		___wmul        		CODE           	146A	0000	39

C:\Program Files (x86)\Microchip\xc8\v1.41\sources\common\Umul16.c estimated size: 39

C:\Program Files (x86)\Microchip\xc8\v1.41\sources\common\isdigit.c
		_isdigit       		CODE           	14B0	0000	31

C:\Program Files (x86)\Microchip\xc8\v1.41\sources\common\isdigit.c estimated size: 31

C:\Program Files (x86)\Microchip\xc8\v1.41\sources\pic18\plib\i2c\i2c_idle.c
		_IdleI2C       		CODE           	14EC	0000	19

C:\Program Files (x86)\Microchip\xc8\v1.41\sources\pic18\plib\i2c\i2c_idle.c estimated size: 19

i2c_lcd.c
		_LCD_goto      		CODE           	1190	0000	123
		_I2C_PCF8574_Write		CODE           	1490	0000	33
		_LCD_init      		CODE           	1070	0000	159
		_LCD_puts      		CODE           	1270	0000	97
		_LCD_putch     		CODE           	138A	0000	71
		_LCD_putcmd    		CODE           	132E	0000	93

i2c_lcd.c estimated size: 576

funciones.c
		_keyNumber     		CODE           	0FB2	0000	191
		_lcdClear      		CODE           	14FE	0000	17
		_riksFactors   		CODE           	08AE	0000	607

funciones.c estimated size: 815

shared
		_dpowers       		SMALLCONST     	0801	0000	41
		__initialization		CODE           	143E	0000	35

shared estimated size: 76

C:\Program Files (x86)\Microchip\xc8\v1.41\sources\common\atoi.c
		_atoi          		CODE           	0EE4	0000	207

C:\Program Files (x86)\Microchip\xc8\v1.41\sources\common\atoi.c estimated size: 207

C:\Program Files (x86)\Microchip\xc8\v1.41\sources\common\llmod.c
		___llmod       		CODE           	120A	0000	103

C:\Program Files (x86)\Microchip\xc8\v1.41\sources\common\llmod.c estimated size: 103

C:\Program Files (x86)\Microchip\xc8\v1.41\sources\pic18\plib\i2c\i2c_open.c
		_OpenI2C       		CODE           	14CE	0000	31

C:\Program Files (x86)\Microchip\xc8\v1.41\sources\pic18\plib\i2c\i2c_open.c estimated size: 31

main.c
		_main          		CODE           	13D0	0000	61
		_longDelay     		CODE           	140C	0000	51

main.c estimated size: 112

C:\Program Files (x86)\Microchip\xc8\v1.41\sources\pic18\plib\i2c\i2c_writ.c
		_WriteI2C      		CODE           	12D0	0000	95

C:\Program Files (x86)\Microchip\xc8\v1.41\sources\pic18\plib\i2c\i2c_writ.c estimated size: 95

KeyPad Library.c
		_KP_Readbutton 		CODE           	0CB0	0000	313
		_KP_init       		CODE           	150E	0000	11
		_KP_scan       		CODE           	0DE8	0000	253

KeyPad Library.c estimated size: 577

